2026-02-22 16:05:54 [error]: Invalid file type. Only JPEG, JPG, PNG, and WEBP are allowed. - POST /api/v1/media/register - IP: ::1
2026-02-22 16:21:28 [error]: Cannot destructure property 'phash' of 'req.body' as it is undefined. - POST /api/v1/verify - IP: ::1
2026-02-23 09:09:29 [error]: Unexpected field - POST /api/v1/verify - IP: ::1
2026-02-23 09:09:30 [error]: Unexpected field - POST /api/v1/verify - IP: ::1
2026-02-23 11:38:29 [error]: Unexpected field - POST /api/v1/media/register - IP: ::1
2026-02-23 11:38:36 [error]: Unexpected field - POST /api/v1/media/register - IP: ::1
2026-02-23 12:50:45 [error]: Unexpected field - POST /api/v1/media/register - IP: ::1
2026-02-23 13:47:45 [error]: Unexpected field - POST /api/v1/media/register - IP: ::1
2026-02-23 13:48:59 [error]:  - POST /api/v1/verify - IP: ::1
2026-02-23 13:49:00 [error]:  - POST /api/v1/verify - IP: ::1
2026-02-23 13:52:09 [error]: Request failed with status code 500 - POST /api/v1/verify - IP: ::1
2026-02-23 13:52:10 [error]: Request failed with status code 500 - POST /api/v1/verify - IP: ::1
2026-02-23 13:52:10 [error]: Request failed with status code 500 - POST /api/v1/verify - IP: ::1
2026-02-23 13:52:10 [error]: Request failed with status code 500 - POST /api/v1/verify - IP: ::1
2026-02-23 13:54:20 [error]: Request failed with status code 500 - POST /api/v1/verify - IP: ::1
2026-02-23 13:54:21 [error]: Request failed with status code 500 - POST /api/v1/verify - IP: ::1
2026-02-23 13:54:21 [error]: Request failed with status code 500 - POST /api/v1/verify - IP: ::1
2026-02-23 13:54:21 [error]: Request failed with status code 500 - POST /api/v1/verify - IP: ::1
2026-02-23 13:54:22 [error]: Request failed with status code 500 - POST /api/v1/verify - IP: ::1
2026-02-23 13:56:43 [error]: Request failed with status code 500 - POST /api/v1/verify - IP: ::1
2026-02-23 14:09:38 [error]: Unexpected field - POST /api/v1/media/register - IP: ::1
2026-02-24 21:16:56 [error]: Unexpected field - POST /api/v1/media/register - IP: ::1
2026-02-24 23:43:04 [error]: Unexpected field - POST /api/v1/verify - IP: ::1
2026-02-24 23:47:28 [error]: Unexpected field - POST /api/v1/verify - IP: ::1
2026-02-25 00:48:32 [error]: Unknown column 'name' in 'field list' - GET /api/v1/admin/users - IP: ::1
2026-02-25 00:48:32 [error]: Unknown column 'name' in 'field list' - GET /api/v1/admin/users - IP: ::1
2026-02-25 00:48:40 [error]: Unknown column 'name' in 'field list' - GET /api/v1/admin/users - IP: ::1
2026-02-25 00:48:40 [error]: Unknown column 'name' in 'field list' - GET /api/v1/admin/users - IP: ::1
2026-02-25 00:48:40 [error]: Unknown column 'name' in 'field list' - GET /api/v1/admin/users - IP: ::1
2026-02-25 00:48:40 [error]: Unknown column 'name' in 'field list' - GET /api/v1/admin/users - IP: ::1
2026-02-25 00:48:45 [error]: Unknown column 'name' in 'field list' - GET /api/v1/admin/users - IP: ::1
2026-02-25 00:48:45 [error]: Unknown column 'name' in 'field list' - GET /api/v1/admin/users - IP: ::1
2026-02-25 00:49:15 [error]: Unknown column 'name' in 'field list' - GET /api/v1/admin/users - IP: ::1
2026-02-25 00:49:15 [error]: Unknown column 'name' in 'field list' - GET /api/v1/admin/users - IP: ::1
2026-02-25 00:49:22 [error]: Unknown column 'name' in 'field list' - GET /api/v1/admin/users - IP: ::1
2026-02-25 00:49:22 [error]: Unknown column 'name' in 'field list' - GET /api/v1/admin/users - IP: ::1
2026-02-25 01:05:44 [error]: Cannot delete or update a parent row: a foreign key constraint fails (`dpv_database`.`registered_media`, CONSTRAINT `registered_media_ibfk_1` FOREIGN KEY (`user_id`) REFERENCES `users` (`id`)) - DELETE /api/v1/admin/users/8 - IP: ::1
2026-02-25 01:11:25 [error]: Cannot delete or update a parent row: a foreign key constraint fails (`dpv_database`.`registered_media`, CONSTRAINT `registered_media_ibfk_1` FOREIGN KEY (`user_id`) REFERENCES `users` (`id`)) - DELETE /api/v1/admin/users/6 - IP: ::1
